Running Gradle task 'assembleRelease'...                        
Font asset "MaterialIcons-Regular.otf" was tree-shaken, reducing it from 1645184 to 4252 bytes (99.7% reduction). Tree-shaking can be disabled by providing the --no-tree-shake-icons flag when building your app.
flutter : 
At line:1 char:16
+ flutter clean; flutter 
build apk > 
build_output.txt 2>&1
+                ~~~~~~~~~
~~~~~~~~~~~~~~~~~~~~~~~~~~
~~~~~~
    + CategoryInfo        
      : NotSpecified: (:  
  String) [], RemoteExc   
 eption
    + FullyQualifiedError 
   Id : NativeCommandErr  
  or
 
FAILURE: Build failed 
with an exception.

* What went wrong:
Execution failed for task 
':app:mergeReleaseNativeLi
bs'.
> java.nio.file.AccessDeni
edException: C:\Users\anki
t\OneDrive\Desktop\ankit\v
aidyascribe_flutter\build\
app\intermediates\merged_n
ative_libs\release\mergeRe
leaseNativeLibs\out\lib\ar
m64-v8a

* Try:
> Run with --stacktrace 
option to get the stack 
trace.
> Run with --info or 
--debug option to get 
more log output.
> Run with --scan to get 
full insights.
> Get more help at 
https://help.gradle.org.

BUILD FAILED in 6s
Running Gradle task 'assembleRelease'...                            7.0s
Gradle task 
assembleRelease failed 
with exit code 1
